layer at (0,0) size 785x1508
  RenderView at (0,0) size 785x600
layer at (385,0) size 400x600
  RenderBlock {HTML} at (0,0) size 400x600
layer at (393,8) size 384x1500
  RenderBody {BODY} at (8,8) size 384x1500
    RenderMultiColumnSet at (0,0) size 384x1500
layer at (-263,8) size 1040x479 backgroundClip at (0,0) size 785x1508 clip at (0,0) size 785x1508
  RenderMultiColumnFlowThread at (0,0) size 1040x479
    RenderBlock {DIV} at (19,0) size 55x479 [bgcolor=#00FFFF]
      RenderBlock (floating) {DIV} at (4,4) size 531x241 [bgcolor=#FFFF00]
        RenderImage {IMG} at (0,0) size 133x70
        RenderText {#text} at (0,70) size 143x166
          text run at (0,70) width 95: "You've already"
          text run at (18,70) width 153: "downloaded a build. All"
          text run at (36,70) width 162: "you have to do is use it as"
          text run at (54,70) width 146: "your everyday browser"
          text run at (72,70) width 152: "and mail/news reader. If"
          text run at (90,70) width 153: "you downloaded a build"
          text run at (108,70) width 166: "with Talkback, please turn"
          text run at (126,70) width 114: "it on when it asks."
        RenderBlock (floating) {DIV} at (144,157) size 386x83 [bgcolor=#FF0000]
          RenderBlock {P} at (16,0) size 18x82
            RenderText {#text} at (0,0) size 17x74
              text run at (0,0) width 74: "Hola hola 1"
          RenderBlock {P} at (50,0) size 18x82
            RenderText {#text} at (0,0) size 17x74
              text run at (0,0) width 74: "Hola hola 2"
          RenderBlock {P} at (84,0) size 18x82
            RenderText {#text} at (0,0) size 17x74
              text run at (0,0) width 74: "Hola hola 3"
          RenderBlock {P} at (118,0) size 18x82
            RenderText {#text} at (0,0) size 17x74
              text run at (0,0) width 74: "Hola hola 4"
          RenderBlock {P} at (152,0) size 18x82
            RenderText {#text} at (0,0) size 17x74
              text run at (0,0) width 74: "Hola hola 5"
          RenderBlock {P} at (186,0) size 18x82
            RenderText {#text} at (0,0) size 17x74
              text run at (0,0) width 74: "Hola hola 6"
          RenderBlock {P} at (215,0) size 19x82
            RenderText {#text} at (0,0) size 17x74
              text run at (0,0) width 74: "Hola hola 7"
          RenderBlock {P} at (249,0) size 19x82
            RenderText {#text} at (0,0) size 17x74
              text run at (0,0) width 74: "Hola hola 8"
          RenderBlock {P} at (283,0) size 19x82
            RenderText {#text} at (0,0) size 17x74
              text run at (0,0) width 74: "Hola hola 9"
          RenderBlock {P} at (317,0) size 19x82
            RenderText {#text} at (0,0) size 17x82
              text run at (0,0) width 82: "Hola hola 10"
          RenderBlock {P} at (351,0) size 19x82
            RenderText {#text} at (0,0) size 17x82
              text run at (0,0) width 82: "Hola hola 11"
        RenderText {#text} at (144,0) size 107x154
          text run at (144,0) width 154: "Talkback reports give us"
          text run at (162,0) width 142: "really valuable data on"
          text run at (180,0) width 135: "which crashes are the"
          text run at (198,0) width 141: "most serious, and how"
          text run at (216,0) width 101: "often people are"
          text run at (234,0) width 121: "encountering them."
      RenderBlock (floating) {DIV} at (0,395) size 322x84 [bgcolor=#FF00FF]
        RenderBlock {P} at (16,0) size 18x83
          RenderText {#text} at (0,0) size 17x83
            text run at (0,0) width 83: "Hello Kitty 1"
        RenderBlock {P} at (50,0) size 18x83
          RenderText {#text} at (0,0) size 17x83
            text run at (0,0) width 83: "Hello Kitty 2"
        RenderBlock {P} at (84,0) size 18x83
          RenderText {#text} at (0,0) size 17x83
            text run at (0,0) width 83: "Hello Kitty 3"
        RenderBlock {P} at (118,0) size 18x83
          RenderText {#text} at (0,0) size 17x83
            text run at (0,0) width 83: "Hello Kitty 4"
        RenderBlock {P} at (152,0) size 18x83
          RenderText {#text} at (0,0) size 17x83
            text run at (0,0) width 83: "Hello Kitty 5"
        RenderBlock {P} at (186,0) size 18x83
          RenderText {#text} at (0,0) size 17x83
            text run at (0,0) width 83: "Hello Kitty 6"
        RenderBlock {P} at (220,0) size 18x83
          RenderText {#text} at (0,0) size 17x83
            text run at (0,0) width 83: "Hello Kitty 7"
        RenderBlock {P} at (254,0) size 18x83
          RenderText {#text} at (0,0) size 17x83
            text run at (0,0) width 83: "Hello Kitty 8"
        RenderBlock {P} at (288,0) size 18x83
          RenderText {#text} at (0,0) size 17x83
            text run at (0,0) width 83: "Hello Kitty 9"
      RenderBlock {H2} at (0,0) size 54x479
        RenderText {#text} at (0,248) size 53x130
          text run at (0,248) width 124: "What Needs"
          text run at (27,248) width 130: "To Be Done?"
    RenderBlock (floating) {DIV} at (93,248) size 393x83 [bgcolor=#808080]
      RenderBlock {P} at (16,0) size 18x82
        RenderText {#text} at (0,0) size 17x74
          text run at (0,0) width 74: "Hola hola 1"
      RenderBlock {P} at (50,0) size 18x82
        RenderText {#text} at (0,0) size 17x74
          text run at (0,0) width 74: "Hola hola 2"
      RenderBlock {P} at (84,0) size 18x82
        RenderText {#text} at (0,0) size 17x74
          text run at (0,0) width 74: "Hola hola 3"
      RenderBlock {P} at (118,0) size 18x82
        RenderText {#text} at (0,0) size 17x74
          text run at (0,0) width 74: "Hola hola 4"
      RenderBlock {P} at (152,0) size 18x82
        RenderText {#text} at (0,0) size 17x74
          text run at (0,0) width 74: "Hola hola 5"
      RenderBlock {P} at (186,0) size 18x82
        RenderText {#text} at (0,0) size 17x74
          text run at (0,0) width 74: "Hola hola 6"
      RenderBlock {P} at (220,0) size 18x82
        RenderText {#text} at (0,0) size 17x74
          text run at (0,0) width 74: "Hola hola 7"
      RenderBlock {P} at (254,0) size 18x82
        RenderText {#text} at (0,0) size 17x74
          text run at (0,0) width 74: "Hola hola 8"
      RenderBlock {P} at (290,0) size 19x82
        RenderText {#text} at (0,0) size 17x74
          text run at (0,0) width 74: "Hola hola 9"
      RenderBlock {P} at (324,0) size 19x82
        RenderText {#text} at (0,0) size 17x82
          text run at (0,0) width 82: "Hola hola 10"
      RenderBlock {P} at (358,0) size 19x82
        RenderText {#text} at (0,0) size 17x82
          text run at (0,0) width 82: "Hola hola 11"
    RenderBlock {DL} at (93,0) size 711x479
      RenderBlock {DT} at (0,0) size 36x479
        RenderText {#text} at (0,330) size 35x43
          text run at (0,330) width 43: "Report"
          text run at (18,330) width 33: "Bugs"
      RenderBlock {DD} at (52,40) size 491x439
        RenderBlock {P} at (0,0) size 491x439
          RenderText {#text} at (0,290) size 328x146
            text run at (0,290) width 45: "You've"
            text run at (18,290) width 46: "already"
            text run at (196,290) width 130: "downloaded a build."
            text run at (214,290) width 133: "All you have to do is"
            text run at (238,290) width 38: "use it "
            text run at (238,327) width 18: "as "
            text run at (238,344) width 92: "your everyday"
            text run at (256,290) width 147: "browser and mail/news"
            text run at (274,290) width 85: "reader. If you"
            text run at (292,290) width 126: "downloaded a build"
            text run at (310,290) width 33: "with "
            text run at (310,322) width 67: "Talkback, "
          RenderInline {EM} at (0,0) size 36x138
            RenderText {#text} at (310,387) size 36x138
              text run at (310,387) width 41: "please"
              text run at (328,290) width 59: "turn it on"
          RenderText {#text} at (328,348) size 144x434
            text run at (328,348) width 87: " when it asks."
            text run at (346,290) width 137: "Talkback reports give"
            text run at (364,208) width 145: "us really valuable data "
            text run at (364,352) width 60: "on which"
            text run at (382,208) width 206: "crashes are the most serious, and"
            text run at (400,208) width 33: "how "
            text run at (400,240) width 188: "often people are encountering"
            text run at (418,208) width 199: "them. And all you have to do is"
            text run at (436,0) width 81: "click \"OK\". "
            text run at (436,80) width 352: "If you find something you think is a bug, check to see if"
            text run at (454,0) width 96: "it's not already "
          RenderInline {A} at (0,0) size 18x83 [color=#0000EE]
            RenderText {#text} at (454,95) size 18x83
              text run at (454,95) width 84: "known about"
          RenderText {#text} at (454,178) size 18x177
            text run at (454,178) width 110: ", and then please "
            text run at (454,287) width 69: "follow the "
          RenderInline {A} at (0,0) size 36x379 [color=#0000EE]
            RenderText {#text} at (454,355) size 36x379
              text run at (454,355) width 25: "bug"
              text run at (472,0) width 138: "submission procedure"
          RenderText {#text} at (472,137) size 18x4
            text run at (472,137) width 5: "."
      RenderBlock (floating) {DIV} at (558,0) size 389x82 [bgcolor=#008000]
        RenderBlock {P} at (16,0) size 18x82
          RenderText {#text} at (0,0) size 17x74
            text run at (0,0) width 74: "Hola hola 1"
        RenderBlock {P} at (50,0) size 18x82
          RenderText {#text} at (0,0) size 17x74
            text run at (0,0) width 74: "Hola hola 2"
        RenderBlock {P} at (84,0) size 18x82
          RenderText {#text} at (0,0) size 17x74
            text run at (0,0) width 74: "Hola hola 3"
        RenderBlock {P} at (116,0) size 18x82
          RenderText {#text} at (0,0) size 17x74
            text run at (0,0) width 74: "Hola hola 4"
        RenderBlock {P} at (150,0) size 18x82
          RenderText {#text} at (0,0) size 17x74
            text run at (0,0) width 74: "Hola hola 5"
        RenderBlock {P} at (184,0) size 18x82
          RenderText {#text} at (0,0) size 17x74
            text run at (0,0) width 74: "Hola hola 6"
        RenderBlock {P} at (218,0) size 18x82
          RenderText {#text} at (0,0) size 17x74
            text run at (0,0) width 74: "Hola hola 7"
        RenderBlock {P} at (252,0) size 18x82
          RenderText {#text} at (0,0) size 17x74
            text run at (0,0) width 74: "Hola hola 8"
        RenderBlock {P} at (286,0) size 18x82
          RenderText {#text} at (0,0) size 17x74
            text run at (0,0) width 74: "Hola hola 9"
        RenderBlock {P} at (320,0) size 18x82
          RenderText {#text} at (0,0) size 17x82
            text run at (0,0) width 82: "Hola hola 10"
        RenderBlock {P} at (354,0) size 18x82
          RenderText {#text} at (0,0) size 17x82
            text run at (0,0) width 82: "Hola hola 11"
      RenderBlock {DT} at (558,0) size 19x479
        RenderText {#text} at (0,82) size 17x117
          text run at (0,82) width 117: "Quality Assurance"
      RenderBlock {DD} at (592,40) size 119x439
        RenderBlock {P} at (0,0) size 118x439
          RenderInline {A} at (0,0) size 17x76 [color=#0000EE]
            RenderText {#text} at (0,42) size 17x76
              text run at (0,42) width 76: "Mozilla QA"
          RenderText {#text} at (0,118) size 17x40
            text run at (0,118) width 4: " "
            text run at (0,122) width 36: "has a "
          RenderInline {A} at (0,0) size 17x30 [color=#0000EE]
            RenderText {#text} at (0,158) size 17x30
              text run at (0,158) width 30: "page"
          RenderText {#text} at (0,188) size 117x393
            text run at (0,188) width 4: " "
            text run at (0,192) width 243: "dedicated to ways to get involved with"
            text run at (18,42) width 186: "helping. This doesn't involve "
            text run at (18,228) width 201: "knowing how to code, although"
            text run at (36,42) width 291: "a little knowledge of HTML is helpful. Being "
            text run at (36,332) width 87: "involved with"
            text run at (54,42) width 42: "QA is "
            text run at (54,83) width 314: "good for people wanting to get more familiar with"
            text run at (82,42) width 382: "Mozilla, and there's a strong community. A particularly good"
            text run at (100,42) width 129: "way to get involved "
            text run at (100,171) width 81: "is to join the "
          RenderInline {A} at (0,0) size 17x72 [color=#0000EE]
            RenderText {#text} at (100,252) size 17x72
              text run at (100,252) width 72: "BugAThon"
          RenderText {#text} at (100,323) size 17x5
            text run at (100,323) width 4: "."
