layer at (0,0) size 800x600
  RenderView at (0,0) size 800x600
layer at (0,0) size 800x225
  RenderBlock {HTML} at (0,0) size 800x225
    RenderBody {BODY} at (8,16) size 784x201
      RenderBlock {P} at (0,0) size 784x20
        RenderText {#text} at (0,0) size 339x19
          text run at (0,0) width 339: "Tests border-radius and box-shadow on a split inline."
      RenderBlock {DIV} at (0,36) size 200x165
        RenderInline {SPAN} at (0,0) size 200x150 [border: (2px solid #008000)]
          RenderText {#text} at (2,9) size 198x146
            text run at (2,9) width 147: "I am a span"
            text run at (0,64) width 171: "which is split"
            text run at (0,119) width 198: "over three lines"
        RenderText {#text} at (0,0) size 0x0
