layer at (0,0) size 800x600
  RenderView at (0,0) size 800x600
layer at (0,0) size 800x115
  RenderBlock {HTML} at (0,0) size 800x116
    RenderBody {BODY} at (8,9) size 784x97 [color=#000080]
      RenderBlock {P} at (0,0) size 784x96
        RenderText {#text} at (0,5) size 430x13
          text run at (0,5) width 430: "This test should be about 10px, sans-serif, and light. There should be about 15px between each line. "
        RenderInline {SPAN} at (0,0) size 782x85 [color=#C0C0C0]
          RenderText {#text} at (429,5) size 782x85
            text run at (429,5) width 297: "dummy text dummy text dummy text dummy text dummy text dummy "
            text run at (725,5) width 50: "text dummy"
            text run at (0,29) width 262: "text dummy text dummy text dummy text dummy text dummy "
            text run at (261,29) width 315: "text dummy text dummy text dummy text dummy text dummy text dummy "
            text run at (575,29) width 207: "text dummy text dummy text dummy text dummy"
            text run at (0,53) width 105: "text dummy text dummy "
            text run at (104,53) width 315: "text dummy text dummy text dummy text dummy text dummy text dummy "
            text run at (418,53) width 314: "text dummy text dummy text dummy text dummy text dummy text dummy "
            text run at (731,53) width 51: "text dummy"
            text run at (0,77) width 262: "text dummy text dummy text dummy text dummy text dummy "
            text run at (261,77) width 278: "text dummy text dummy text dummy text dummy text dummy text"
        RenderText {#text} at (0,0) size 0x0
