layer at (0,0) size 800x938
  RenderView at (0,0) size 800x600
layer at (0,0) size 800x914
  RenderBlock {HTML} at (0,0) size 800x914
    RenderBody {BODY} at (8,8) size 784x898
      RenderText {#text} at (0,0) size 462x19
        text run at (0,0) width 462: "All of the replaced elements below should be clipped to a border-radius."
      RenderBR {BR} at (461,0) size 1x19
      RenderImage {IMG} at (0,20) size 100x100
      RenderText {#text} at (0,0) size 0x0
      RenderBR {BR} at (100,105) size 0x19
      RenderImage {INPUT} at (0,120) size 100x100
      RenderText {#text} at (0,0) size 0x0
      RenderBR {BR} at (100,205) size 0x19
      RenderIFrame {IFRAME} at (0,220) size 304x154 [border: (2px inset #000000)]
        layer at (0,0) size 300x150
          RenderView at (0,0) size 300x150
        layer at (0,0) size 300x150
          RenderBlock {HTML} at (0,0) size 300x150
            RenderBody {BODY} at (0,0) size 300x150
              RenderImage {IMG} at (0,0) size 100x100
      RenderText {#text} at (0,0) size 0x0
      RenderBR {BR} at (304,359) size 0x19
      RenderText {#text} at (0,0) size 0x0
      RenderBR {BR} at (300,509) size 0x19
      RenderEmbeddedObject {EMBED} at (0,524) size 556x406 [bgcolor=#00FF00] [border: (3px solid #000000)]
      RenderText {#text} at (0,0) size 0x0
layer at (8,382) size 300x150
  RenderVideo {VIDEO} at (0,374) size 300x150
