layer at (0,0) size 785x714
  RenderView at (0,0) size 785x600
layer at (0,0) size 785x714
  RenderBlock {HTML} at (0,0) size 785x714
    RenderBody {BODY} at (8,8) size 769x698
      RenderBlock {DIV} at (0,0) size 769x82
        RenderText {#text} at (0,52) size 47x18
          text run at (0,52) width 47: "Blank: "
        RenderAttachment {ATTACHMENT} at (47,1) size 267x80
          RenderFlexibleBox {DIV} at (0,0) size 266x80 [bgcolor=#0000000D]
            RenderGrid {DIV} at (0,0) size 66x80
              RenderImage {IMG} at (14,14) size 52x52
            RenderFlexibleBox {DIV} at (70,0) size 172x80
              RenderGrid {DIV} at (0,40) size 172x0
      RenderBlock {DIV} at (0,82) size 769x82
        RenderText {#text} at (0,52) size 39x18
          text run at (0,52) width 39: "Title: "
        RenderAttachment {ATTACHMENT} at (39,1) size 267x80
          RenderFlexibleBox {DIV} at (0,0) size 266x80 [bgcolor=#0000000D]
            RenderGrid {DIV} at (0,0) size 66x80
              RenderImage {IMG} at (14,14) size 52x52
            RenderFlexibleBox {DIV} at (70,0) size 172x80
              RenderGrid {DIV} at (0,26) size 172x28
      RenderBlock {DIV} at (0,164) size 769x82
        RenderText {#text} at (0,52) size 83x18
          text run at (0,52) width 83: "and subtitle: "
        RenderAttachment {ATTACHMENT} at (83,1) size 267x80
          RenderFlexibleBox {DIV} at (0,0) size 266x80 [bgcolor=#0000000D]
            RenderGrid {DIV} at (0,0) size 66x80
              RenderImage {IMG} at (14,14) size 52x52
            RenderFlexibleBox {DIV} at (70,0) size 172x80
              RenderGrid {DIV} at (0,26) size 172x28
      RenderBlock {DIV} at (0,246) size 769x82
        RenderText {#text} at (0,52) size 52x18
          text run at (0,52) width 52: "Action: "
        RenderAttachment {ATTACHMENT} at (52,1) size 267x80
          RenderFlexibleBox {DIV} at (0,0) size 266x80 [bgcolor=#0000000D]
            RenderGrid {DIV} at (0,0) size 66x80
              RenderImage {IMG} at (14,14) size 52x52
            RenderFlexibleBox {DIV} at (70,0) size 172x80
              RenderGrid {DIV} at (0,18) size 172x44
      RenderBlock {DIV} at (0,328) size 769x82
        RenderText {#text} at (0,52) size 40x18
          text run at (0,52) width 40: "Save: "
        RenderAttachment {ATTACHMENT} at (40,1) size 267x80
          RenderFlexibleBox {DIV} at (0,0) size 266x80 [bgcolor=#0000000D]
            RenderGrid {DIV} at (0,0) size 66x80
              RenderImage {IMG} at (14,14) size 52x52
            RenderFlexibleBox {DIV} at (70,0) size 172x80
              RenderGrid {DIV} at (0,26) size 172x28
                RenderBlock {DIV} at (144,0) size 28x28
                  RenderButton {BUTTON} at (0,0) size 28x28 [color=#00000019] [border: (1px solid #00000019)]
                    RenderBlock (anonymous) at (7,3) size 14x21
      RenderBlock {DIV} at (0,410) size 769x96
        RenderText {#text} at (0,0) size 97x18
          text run at (0,0) width 97: "Zero progress: "
        RenderAttachment {ATTACHMENT} at (97,15) size 267x80
          RenderFlexibleBox {DIV} at (0,0) size 266x80 [bgcolor=#0000000D]
            RenderGrid {DIV} at (0,0) size 66x80
            RenderFlexibleBox {DIV} at (70,0) size 172x80
              RenderGrid {DIV} at (0,32) size 172x16
      RenderBlock {DIV} at (0,506) size 769x96
        RenderText {#text} at (0,0) size 96x18
          text run at (0,0) width 96: "75% progress: "
        RenderAttachment {ATTACHMENT} at (96,15) size 267x80
          RenderFlexibleBox {DIV} at (0,0) size 266x80 [bgcolor=#0000000D]
            RenderGrid {DIV} at (0,0) size 66x80
              RenderBlock {DIV} at (14,14) size 52x52 [color=#0000007F]
                RenderBlock (generated) at (0,0) size 52x52 [border: (4px solid #0000007F)]
                  RenderText at (0,0) size 0x0
            RenderFlexibleBox {DIV} at (70,0) size 172x80
              RenderGrid {DIV} at (0,32) size 172x16
      RenderBlock {DIV} at (0,602) size 769x96
        RenderText {#text} at (0,0) size 104x18
          text run at (0,0) width 104: "100% progress: "
        RenderAttachment {ATTACHMENT} at (104,15) size 267x80
          RenderFlexibleBox {DIV} at (0,0) size 266x80 [bgcolor=#0000000D]
            RenderGrid {DIV} at (0,0) size 66x80
              RenderBlock {DIV} at (14,14) size 52x52 [color=#0000007F]
                RenderBlock (generated) at (0,0) size 52x52 [border: (4px solid #0000007F)]
                  RenderText at (0,0) size 0x0
            RenderFlexibleBox {DIV} at (70,0) size 172x80
              RenderGrid {DIV} at (0,32) size 172x16
layer at (117,117) size 172x16
  RenderDeprecatedFlexibleBox {DIV} at (0,0) size 172x16 [color=#000000D8]
    RenderBlock (anonymous) at (0,0) size 172x16
      RenderText {#text} at (0,0) size 29x16
        text run at (0,0) width 29: "Title"
layer at (117,133) size 172x12
  RenderDeprecatedFlexibleBox {DIV} at (0,16) size 172x12 [color=#0000007F]
    RenderBlock (anonymous) at (0,0) size 172x12
      RenderText {#text} at (0,0) size 38x12
        text run at (0,0) width 38: "Subtitle"
layer at (162,199) size 172x16
  RenderDeprecatedFlexibleBox {DIV} at (0,0) size 172x16 [color=#000000D8]
    RenderBlock (anonymous) at (0,0) size 172x16
      RenderText {#text} at (0,0) size 29x16
        text run at (0,0) width 29: "Title"
layer at (162,215) size 172x12
  RenderDeprecatedFlexibleBox {DIV} at (0,16) size 172x12 [color=#0000007F]
    RenderBlock (anonymous) at (0,0) size 172x12
      RenderText {#text} at (0,0) size 38x12
        text run at (0,0) width 38: "Subtitle"
layer at (131,273) size 172x16
  RenderDeprecatedFlexibleBox {DIV} at (0,0) size 172x16 [color=#0000007F]
    RenderBlock (anonymous) at (0,0) size 172x16
      RenderText {#text} at (0,0) size 106x16
        text run at (0,0) width 106: "Tap to download"
layer at (131,289) size 172x16
  RenderDeprecatedFlexibleBox {DIV} at (0,16) size 172x16 [color=#000000D8]
    RenderBlock (anonymous) at (0,0) size 172x16
      RenderText {#text} at (0,0) size 52x16
        text run at (0,0) width 52: "\x{200E}\x{2068}Title\x{2069}\x{200B}.txt"
layer at (131,305) size 172x12
  RenderDeprecatedFlexibleBox {DIV} at (0,32) size 172x12 [color=#0000007F]
    RenderBlock (anonymous) at (0,0) size 172x12
      RenderText {#text} at (0,0) size 38x12
        text run at (0,0) width 38: "Subtitle"
layer at (119,363) size 95x4 backgroundClip at (119,363) size 94x4 clip at (119,363) size 94x4
  RenderDeprecatedFlexibleBox {DIV} at (0,0) size 95x4 [color=#0000007F]
layer at (119,367) size 95x20 backgroundClip at (119,367) size 94x20 clip at (119,367) size 94x20
  RenderDeprecatedFlexibleBox {DIV} at (0,4) size 95x20 [color=#000000D8]
    RenderBlock (anonymous) at (0,0) size 95x16
      RenderText {#text} at (0,0) size 56x16
        text run at (0,0) width 56: "\x{200E}\x{2068}Title\x{2069}\x{200B}.pdf"
layer at (119,387) size 95x4 backgroundClip at (119,387) size 94x4 clip at (119,387) size 94x4
  RenderDeprecatedFlexibleBox {DIV} at (0,24) size 95x4 [color=#0000007F]
layer at (176,465) size 172x16
  RenderDeprecatedFlexibleBox {DIV} at (0,0) size 172x16 [color=#000000D8]
    RenderBlock (anonymous) at (0,0) size 172x16
      RenderText {#text} at (0,0) size 56x16
        text run at (0,0) width 56: "\x{200E}\x{2068}Title\x{2069}\x{200B}.pdf"
layer at (175,561) size 172x16
  RenderDeprecatedFlexibleBox {DIV} at (0,0) size 172x16 [color=#000000D8]
    RenderBlock (anonymous) at (0,0) size 172x16
      RenderText {#text} at (0,0) size 56x16
        text run at (0,0) width 56: "\x{200E}\x{2068}Title\x{2069}\x{200B}.pdf"
layer at (183,657) size 172x16
  RenderDeprecatedFlexibleBox {DIV} at (0,0) size 172x16 [color=#000000D8]
    RenderBlock (anonymous) at (0,0) size 172x16
      RenderText {#text} at (0,0) size 56x16
        text run at (0,0) width 56: "\x{200E}\x{2068}Title\x{2069}\x{200B}.pdf"
layer at (270,366) size 14x21
  RenderBlock {DIV} at (0,0) size 14x21 [bgcolor=#0000007F]
layer at (120,447) size 52x52
  RenderBlock {DIV} at (14,14) size 52x52 [bgcolor=#000000D8]
