layer at (0,0) size 800x600
  RenderView at (0,0) size 800x600
layer at (0,0) size 800x600
  RenderBlock {HTML} at (0,0) size 800x600
    RenderBody {BODY} at (8,8) size 784x584
layer at (8,8) size 748x584
  RenderBlock {DIV} at (0,0) size 748x584 [border: (5px solid #000000)]
    RenderMultiColumnSet at (5,15) size 738x554
layer at (13,23) size 2196x174 backgroundClip at (0,0) size 800x600 clip at (0,0) size 800x600
  RenderMultiColumnFlowThread at (5,15) size 2196x174
    RenderText {#text} at (1,0) size 2195x174
      text run at (1,0) width 139: "Lorem ipsum dolor sit"
      text run at (19,0) width 116: "amet, consectetuer"
      text run at (37,0) width 172: "adipiscing elit. Nulla varius"
      text run at (55,0) width 137: "enim ac mi. Curabitur"
      text run at (73,0) width 173: "sollicitudin felis quis lectus."
      text run at (91,0) width 121: "Quisque adipiscing"
      text run at (109,0) width 156: "rhoncus sem. Proin nulla"
      text run at (127,0) width 170: "purus, vulputate vel, varius"
      text run at (145,0) width 150: "ut, euismod et, nisi. Sed"
      text run at (163,0) width 158: "vitae felis vel orci sagittis"
      text run at (181,0) width 147: "aliquam. Cras convallis"
      text run at (199,0) width 132: "adipiscing sem. Nam"
      text run at (217,0) width 154: "nonummy enim. Nullam"
      text run at (235,0) width 160: "bibendum lobortis neque."
      text run at (253,0) width 135: "Vestibulum velit orci,"
      text run at (271,0) width 158: "tempus euismod, pretium"
      text run at (289,0) width 167: "quis, interdum vitae, nulla."
      text run at (307,0) width 172: "Phasellus eget ante et tortor"
      text run at (325,0) width 163: "condimentum vestibulum."
      text run at (343,0) width 137: "Suspendisse hendrerit"
      text run at (361,0) width 165: "quam nec felis. Sed varius"
      text run at (379,0) width 153: "turpis vitae pede. Lorem"
      text run at (397,0) width 131: "ipsum dolor sit amet,"
      text run at (415,0) width 173: "consectetuer adipiscing elit."
      text run at (433,0) width 153: "Proin bibendum justo ac"
      text run at (451,0) width 149: "enim. Class aptent taciti"
      text run at (469,0) width 166: "sociosqu ad litora torquent"
      text run at (487,0) width 144: "per conubia nostra, per"
      text run at (505,0) width 159: "inceptos hymenaeos. Sed"
      text run at (523,0) width 174: "leo nulla, rutrum eu, dictum"
      text run at (541,0) width 166: "ut, posuere vel, arcu. Nam"
      text run at (559,0) width 115: "libero. Morbi orci."
      text run at (577,0) width 149: "Maecenas pellentesque."
      text run at (595,0) width 118: "Curabitur erat erat,"
      text run at (613,0) width 145: "ullamcorper at, gravida"
      text run at (631,0) width 143: "vitae, iaculis vitae, elit."
      text run at (649,0) width 147: "Nullam quam. Quisque"
      text run at (667,0) width 170: "orci lectus, ullamcorper eu,"
      text run at (685,0) width 173: "imperdiet sed, accumsan et,"
      text run at (703,0) width 138: "ligula. Duis diam nisl,"
      text run at (721,0) width 164: "sagittis a, blandit volutpat,"
      text run at (739,0) width 120: "interdum sed, velit."
      text run at (757,0) width 165: "Vestibulum quam. Nulla a"
      text run at (775,0) width 151: "purus. Phasellus semper"
      text run at (793,0) width 128: "semper lectus. Nulla"
      text run at (811,0) width 138: "porttitor, dolor dictum"
      text run at (829,0) width 145: "scelerisque luctus, velit"
      text run at (847,0) width 157: "ipsum lobortis mauris, ac"
      text run at (865,0) width 141: "pretium enim nunc vel"
      text run at (883,0) width 158: "risus. Proin gravida mi ut"
      text run at (901,0) width 155: "sem cursus mattis. Fusce"
      text run at (919,0) width 143: "laoreet, nisi quis luctus"
      text run at (937,0) width 120: "volutpat, arcu pede"
      text run at (955,0) width 120: "tincidunt enim, nec"
      text run at (973,0) width 143: "malesuada urna nisl eu"
      text run at (991,0) width 138: "enim. Vivamus varius"
      text run at (1009,0) width 99: "augue ac purus."
      text run at (1027,0) width 149: "Vestibulum vestibulum."
      text run at (1045,0) width 159: "Phasellus et est vitae ante"
      text run at (1063,0) width 163: "accumsan rhoncus. Morbi"
      text run at (1081,0) width 166: "convallis, arcu at hendrerit"
      text run at (1099,0) width 115: "gravida, sem diam"
      text run at (1117,0) width 168: "dignissim risus, sed aliquet"
      text run at (1135,0) width 166: "erat mi ut mi. Nunc cursus"
      text run at (1153,0) width 137: "lacinia elit. Nunc nisi."
      text run at (1171,0) width 99: "Quisque at erat."
      text run at (1189,0) width 158: "Vestibulum dictum quam"
      text run at (1207,0) width 169: "vitae nibh. Nunc vitae ante"
      text run at (1225,0) width 167: "non odio interdum blandit."
      text run at (1243,0) width 126: "Curabitur leo quam,"
      text run at (1261,0) width 164: "fermentum sed, feugiat in,"
      text run at (1279,0) width 131: "ullamcorper id, nibh."
      text run at (1297,0) width 155: "Suspendisse ac turpis. In"
      text run at (1315,0) width 141: "iaculis sollicitudin dui."
      text run at (1333,0) width 157: "Aenean vitae lectus vitae"
      text run at (1351,0) width 113: "nulla pellentesque"
      text run at (1369,0) width 163: "sollicitudin. Nunc gravida"
      text run at (1387,0) width 172: "pharetra lectus. Etiam lacus"
      text run at (1405,0) width 159: "ligula, placerat ut, dictum"
      text run at (1423,0) width 147: "vitae, tempus vel, risus."
      text run at (1441,0) width 144: "Cras rhoncus. Praesent"
      text run at (1459,0) width 169: "varius ultricies orci. Donec"
      text run at (1477,0) width 143: "mattis, neque ut ornare"
      text run at (1495,0) width 168: "fringilla, ante urna placerat"
      text run at (1513,0) width 146: "eros, vel commodo nisi"
      text run at (1531,0) width 143: "tortor ut mauris. Morbi"
      text run at (1549,0) width 173: "magna dui, sagittis sit amet,"
      text run at (1567,0) width 147: "tincidunt et, elementum"
      text run at (1585,0) width 170: "eget, quam. Fusce molestie"
      text run at (1603,0) width 173: "nisl vitae nisi. Vestibulum a"
      text run at (1621,0) width 137: "sapien. Phasellus ante"
      text run at (1639,0) width 169: "lacus, vehicula non, cursus"
      text run at (1657,0) width 129: "a, tempor ut, magna."
      text run at (1675,0) width 169: "Suspendisse potenti. Fusce"
      text run at (1693,0) width 126: "aliquet, odio viverra"
      text run at (1711,0) width 144: "vulputate dictum, enim"
      text run at (1729,0) width 128: "odio luctus purus, ut"
      text run at (1747,0) width 171: "scelerisque quam nulla non"
      text run at (1765,0) width 137: "est. Donec eros lacus,"
      text run at (1783,0) width 162: "egestas vitae, lacinia quis,"
      text run at (1801,0) width 159: "tempor quis, pede. Morbi"
      text run at (1819,0) width 163: "orci erat, iaculis id, ornare"
      text run at (1837,0) width 143: "ac, elementum at, sem."
      text run at (1855,0) width 159: "Nunc ornare sodales nisi."
      text run at (1873,0) width 166: "Morbi interdum commodo"
      text run at (1891,0) width 155: "nisl. Fusce eget eros non"
      text run at (1909,0) width 149: "nisi ornare facilisis. Sed"
      text run at (1927,0) width 155: "placerat, est non posuere"
      text run at (1945,0) width 121: "posuere, purus sem"
      text run at (1963,0) width 163: "dignissim libero, a viverra"
      text run at (1981,0) width 170: "tellus dolor vel lorem. Cras"
      text run at (1999,0) width 136: "augue. Etiam ultricies"
      text run at (2017,0) width 165: "consequat odio. Mauris ac"
      text run at (2035,0) width 138: "libero. Etiam posuere,"
      text run at (2053,0) width 127: "libero vitae euismod"
      text run at (2071,0) width 169: "gravida, urna elit imperdiet"
      text run at (2089,0) width 166: "magna, vel cursus elit felis"
      text run at (2107,0) width 148: "non mauris. Donec orci"
      text run at (2125,0) width 167: "erat, porta id, dignissim ut,"
      text run at (2143,0) width 127: "posuere dictum, leo."
      text run at (2161,0) width 150: "Suspendisse scelerisque"
      text run at (2179,0) width 84: "egestas nulla."
