layer at (0,0) size 785x1208
  RenderView at (0,0) size 785x600
layer at (0,0) size 785x600
  RenderBlock {HTML} at (0,0) size 785x600
    RenderBody {BODY} at (8,8) size 769x1200
layer at (8,8) size 404x1200
  RenderBlock {DIV} at (0,0) size 404x1200 [border: (2px solid #000000)]
    RenderMultiColumnSet at (2,2) size 400x1196
layer at (10,10) size 944x388 backgroundClip at (0,0) size 785x1208 clip at (0,0) size 785x1208
  RenderMultiColumnFlowThread at (2,2) size 944x388
    RenderText {#text} at (1,0) size 17x110
      text run at (1,0) width 110: "This is some text."
    RenderBR {BR} at (1,110) size 17x0
    RenderText {#text} at (19,0) size 17x110
      text run at (19,0) width 110: "This is some text."
    RenderBR {BR} at (19,110) size 17x0
    RenderText {#text} at (37,0) size 17x110
      text run at (37,0) width 110: "This is some text."
    RenderBR {BR} at (37,110) size 17x0
    RenderText {#text} at (55,0) size 17x110
      text run at (55,0) width 110: "This is some text."
    RenderBR {BR} at (55,110) size 17x0
    RenderText {#text} at (73,0) size 17x110
      text run at (73,0) width 110: "This is some text."
    RenderBR {BR} at (73,110) size 17x0
    RenderText {#text} at (91,0) size 17x110
      text run at (91,0) width 110: "This is some text."
    RenderBR {BR} at (91,110) size 17x0
    RenderText {#text} at (109,0) size 17x110
      text run at (109,0) width 110: "This is some text."
    RenderBR {BR} at (109,110) size 17x0
    RenderText {#text} at (127,0) size 17x110
      text run at (127,0) width 110: "This is some text."
    RenderBR {BR} at (127,110) size 17x0
    RenderText {#text} at (145,0) size 17x110
      text run at (145,0) width 110: "This is some text."
    RenderBR {BR} at (145,110) size 17x0
    RenderText {#text} at (163,0) size 17x110
      text run at (163,0) width 110: "This is some text."
    RenderBR {BR} at (163,110) size 17x0
    RenderImage {IMG} at (400,0) size 300x250 [bgcolor=#008000]
    RenderText {#text} at (401,250) size 17x110
      text run at (401,250) width 110: "This is some text."
    RenderBR {BR} at (401,360) size 17x0
    RenderText {#text} at (419,250) size 17x110
      text run at (419,250) width 110: "This is some text."
    RenderBR {BR} at (419,360) size 17x0
    RenderText {#text} at (437,250) size 17x110
      text run at (437,250) width 110: "This is some text."
    RenderBR {BR} at (437,360) size 17x0
    RenderText {#text} at (455,250) size 17x110
      text run at (455,250) width 110: "This is some text."
    RenderBR {BR} at (455,360) size 17x0
    RenderText {#text} at (473,250) size 17x110
      text run at (473,250) width 110: "This is some text."
    RenderBR {BR} at (473,360) size 17x0
    RenderText {#text} at (491,250) size 17x110
      text run at (491,250) width 110: "This is some text."
    RenderBR {BR} at (491,360) size 17x0
    RenderText {#text} at (509,250) size 17x110
      text run at (509,250) width 110: "This is some text."
    RenderBR {BR} at (509,360) size 17x0
    RenderText {#text} at (527,250) size 17x110
      text run at (527,250) width 110: "This is some text."
    RenderBR {BR} at (527,360) size 17x0
    RenderText {#text} at (545,250) size 17x110
      text run at (545,250) width 110: "This is some text."
    RenderBR {BR} at (545,360) size 17x0
    RenderText {#text} at (563,250) size 17x110
      text run at (563,250) width 110: "This is some text."
    RenderBR {BR} at (563,360) size 17x0
    RenderText {#text} at (581,250) size 17x110
      text run at (581,250) width 110: "This is some text."
    RenderBR {BR} at (581,360) size 17x0
    RenderText {#text} at (599,250) size 17x110
      text run at (599,250) width 110: "This is some text."
    RenderBR {BR} at (599,360) size 17x0
    RenderText {#text} at (617,250) size 17x110
      text run at (617,250) width 110: "This is some text."
    RenderBR {BR} at (617,360) size 17x0
    RenderText {#text} at (635,250) size 17x110
      text run at (635,250) width 110: "This is some text."
    RenderBR {BR} at (635,360) size 17x0
    RenderText {#text} at (653,250) size 17x110
      text run at (653,250) width 110: "This is some text."
    RenderBR {BR} at (653,360) size 17x0
    RenderText {#text} at (671,250) size 17x110
      text run at (671,250) width 110: "This is some text."
    RenderBR {BR} at (671,360) size 17x0
    RenderText {#text} at (689,250) size 17x110
      text run at (689,250) width 110: "This is some text."
    RenderBR {BR} at (689,360) size 17x0
    RenderText {#text} at (707,0) size 17x110
      text run at (707,0) width 110: "This is some text."
    RenderBR {BR} at (707,110) size 17x0
    RenderText {#text} at (725,0) size 17x110
      text run at (725,0) width 110: "This is some text."
    RenderBR {BR} at (725,110) size 17x0
    RenderText {#text} at (743,0) size 17x110
      text run at (743,0) width 110: "This is some text."
    RenderBR {BR} at (743,110) size 17x0
    RenderText {#text} at (761,0) size 17x110
      text run at (761,0) width 110: "This is some text."
    RenderBR {BR} at (761,110) size 17x0
    RenderText {#text} at (779,0) size 17x110
      text run at (779,0) width 110: "This is some text."
    RenderBR {BR} at (779,110) size 17x0
    RenderText {#text} at (801,0) size 17x110
      text run at (801,0) width 110: "This is some text."
    RenderBR {BR} at (801,110) size 17x0
    RenderText {#text} at (819,0) size 17x110
      text run at (819,0) width 110: "This is some text."
    RenderBR {BR} at (819,110) size 17x0
    RenderText {#text} at (837,0) size 17x110
      text run at (837,0) width 110: "This is some text."
    RenderBR {BR} at (837,110) size 17x0
    RenderText {#text} at (855,0) size 17x110
      text run at (855,0) width 110: "This is some text."
    RenderBR {BR} at (855,110) size 17x0
    RenderText {#text} at (873,0) size 17x110
      text run at (873,0) width 110: "This is some text."
    RenderBR {BR} at (873,110) size 17x0
    RenderText {#text} at (891,0) size 17x110
      text run at (891,0) width 110: "This is some text."
    RenderBR {BR} at (891,110) size 17x0
    RenderText {#text} at (909,0) size 17x110
      text run at (909,0) width 110: "This is some text."
    RenderBR {BR} at (909,110) size 17x0
    RenderText {#text} at (927,0) size 17x110
      text run at (927,0) width 110: "This is some text."
    RenderBR {BR} at (927,110) size 17x0
