layer at (0,0) size 1680x1208
  RenderView at (0,0) size 785x585
layer at (0,0) size 1680x585
  RenderBlock {HTML} at (0,0) size 1680x585
    RenderBody {BODY} at (8,8) size 1664x1200
layer at (8,8) size 404x1200
  RenderBlock {DIV} at (0,0) size 404x1200 [border: (2px solid #000000)]
    RenderMultiColumnSet at (2,2) size 400x1196
layer at (10,10) size 888x388
  RenderMultiColumnFlowThread at (2,2) size 888x388
    RenderBlock (anonymous) at (0,0) size 252x388
      RenderText {#text} at (1,0) size 17x110
        text run at (1,0) width 110: "This is some text."
      RenderBR {BR} at (1,110) size 17x0
      RenderText {#text} at (19,0) size 17x110
        text run at (19,0) width 110: "This is some text."
      RenderBR {BR} at (19,110) size 17x0
      RenderText {#text} at (37,0) size 17x110
        text run at (37,0) width 110: "This is some text."
      RenderBR {BR} at (37,110) size 17x0
      RenderText {#text} at (55,0) size 17x110
        text run at (55,0) width 110: "This is some text."
      RenderBR {BR} at (55,110) size 17x0
      RenderText {#text} at (73,0) size 17x110
        text run at (73,0) width 110: "This is some text."
      RenderBR {BR} at (73,110) size 17x0
      RenderText {#text} at (91,0) size 17x110
        text run at (91,0) width 110: "This is some text."
      RenderBR {BR} at (91,110) size 17x0
      RenderText {#text} at (109,0) size 17x110
        text run at (109,0) width 110: "This is some text."
      RenderBR {BR} at (109,110) size 17x0
      RenderText {#text} at (127,0) size 17x110
        text run at (127,0) width 110: "This is some text."
      RenderBR {BR} at (127,110) size 17x0
      RenderText {#text} at (145,0) size 17x110
        text run at (145,0) width 110: "This is some text."
      RenderBR {BR} at (145,110) size 17x0
      RenderText {#text} at (163,0) size 17x110
        text run at (163,0) width 110: "This is some text."
      RenderBR {BR} at (163,110) size 17x0
      RenderText {#text} at (181,0) size 17x110
        text run at (181,0) width 110: "This is some text."
      RenderBR {BR} at (181,110) size 17x0
      RenderText {#text} at (199,0) size 17x110
        text run at (199,0) width 110: "This is some text."
      RenderBR {BR} at (199,110) size 17x0
      RenderText {#text} at (217,0) size 17x110
        text run at (217,0) width 110: "This is some text."
      RenderBR {BR} at (217,110) size 17x0
      RenderText {#text} at (235,0) size 17x110
        text run at (235,0) width 110: "This is some text."
      RenderBR {BR} at (235,110) size 17x0
    RenderBlock {P} at (268,0) size 604x388
      RenderBlock (floating) {SPAN} at (132,0) size 147x78
        RenderText {#text} at (3,0) size 142x78
          text run at (3,0) width 78: "T"
      RenderText {#text} at (133,78) size 17x100
        text run at (133,78) width 100: "his is some text."
      RenderBR {BR} at (133,178) size 17x0
      RenderText {#text} at (151,78) size 17x110
        text run at (151,78) width 110: "This is some text."
      RenderBR {BR} at (151,188) size 17x0
      RenderText {#text} at (169,78) size 17x110
        text run at (169,78) width 110: "This is some text."
      RenderBR {BR} at (169,188) size 17x0
      RenderText {#text} at (187,78) size 17x110
        text run at (187,78) width 110: "This is some text."
      RenderBR {BR} at (187,188) size 17x0
      RenderText {#text} at (205,78) size 17x110
        text run at (205,78) width 110: "This is some text."
      RenderBR {BR} at (205,188) size 17x0
      RenderText {#text} at (223,78) size 17x110
        text run at (223,78) width 110: "This is some text."
      RenderBR {BR} at (223,188) size 17x0
      RenderText {#text} at (241,78) size 17x110
        text run at (241,78) width 110: "This is some text."
      RenderBR {BR} at (241,188) size 17x0
      RenderText {#text} at (259,78) size 17x110
        text run at (259,78) width 110: "This is some text."
      RenderBR {BR} at (259,188) size 17x0
      RenderText {#text} at (277,78) size 17x110
        text run at (277,78) width 110: "This is some text."
      RenderBR {BR} at (277,188) size 17x0
      RenderText {#text} at (295,0) size 17x110
        text run at (295,0) width 110: "This is some text."
      RenderBR {BR} at (295,110) size 17x0
      RenderText {#text} at (313,0) size 17x110
        text run at (313,0) width 110: "This is some text."
      RenderBR {BR} at (313,110) size 17x0
      RenderText {#text} at (331,0) size 17x110
        text run at (331,0) width 110: "This is some text."
      RenderBR {BR} at (331,110) size 17x0
      RenderText {#text} at (349,0) size 17x110
        text run at (349,0) width 110: "This is some text."
      RenderBR {BR} at (349,110) size 17x0
      RenderText {#text} at (367,0) size 17x110
        text run at (367,0) width 110: "This is some text."
      RenderBR {BR} at (367,110) size 17x0
      RenderText {#text} at (385,0) size 17x110
        text run at (385,0) width 110: "This is some text."
      RenderBR {BR} at (385,110) size 17x0
      RenderText {#text} at (403,0) size 17x110
        text run at (403,0) width 110: "This is some text."
      RenderBR {BR} at (403,110) size 17x0
      RenderText {#text} at (421,0) size 17x110
        text run at (421,0) width 110: "This is some text."
      RenderBR {BR} at (421,110) size 17x0
      RenderText {#text} at (439,0) size 17x110
        text run at (439,0) width 110: "This is some text."
      RenderBR {BR} at (439,110) size 17x0
      RenderText {#text} at (457,0) size 17x110
        text run at (457,0) width 110: "This is some text."
      RenderBR {BR} at (457,110) size 17x0
      RenderText {#text} at (475,0) size 17x110
        text run at (475,0) width 110: "This is some text."
      RenderBR {BR} at (475,110) size 17x0
      RenderText {#text} at (493,0) size 17x110
        text run at (493,0) width 110: "This is some text."
      RenderBR {BR} at (493,110) size 17x0
      RenderText {#text} at (511,0) size 17x110
        text run at (511,0) width 110: "This is some text."
      RenderBR {BR} at (511,110) size 17x0
      RenderText {#text} at (533,0) size 17x110
        text run at (533,0) width 110: "This is some text."
      RenderBR {BR} at (533,110) size 17x0
      RenderText {#text} at (551,0) size 17x110
        text run at (551,0) width 110: "This is some text."
      RenderBR {BR} at (551,110) size 17x0
      RenderText {#text} at (569,0) size 17x110
        text run at (569,0) width 110: "This is some text."
      RenderBR {BR} at (569,110) size 17x0
      RenderText {#text} at (587,0) size 17x110
        text run at (587,0) width 110: "This is some text."
      RenderBR {BR} at (587,110) size 17x0
layer at (428,8) size 404x1200
  RenderBlock {DIV} at (420,0) size 404x1200 [border: (2px solid #000000)]
    RenderMultiColumnSet at (2,2) size 400x1196
layer at (430,10) size 888x388
  RenderMultiColumnFlowThread at (2,2) size 888x388
    RenderBlock (anonymous) at (0,0) size 252x388
      RenderText {#text} at (1,0) size 17x110
        text run at (1,0) width 110: "This is some text."
      RenderBR {BR} at (1,110) size 17x0
      RenderText {#text} at (19,0) size 17x110
        text run at (19,0) width 110: "This is some text."
      RenderBR {BR} at (19,110) size 17x0
      RenderText {#text} at (37,0) size 17x110
        text run at (37,0) width 110: "This is some text."
      RenderBR {BR} at (37,110) size 17x0
      RenderText {#text} at (55,0) size 17x110
        text run at (55,0) width 110: "This is some text."
      RenderBR {BR} at (55,110) size 17x0
      RenderText {#text} at (73,0) size 17x110
        text run at (73,0) width 110: "This is some text."
      RenderBR {BR} at (73,110) size 17x0
      RenderText {#text} at (91,0) size 17x110
        text run at (91,0) width 110: "This is some text."
      RenderBR {BR} at (91,110) size 17x0
      RenderText {#text} at (109,0) size 17x110
        text run at (109,0) width 110: "This is some text."
      RenderBR {BR} at (109,110) size 17x0
      RenderText {#text} at (127,0) size 17x110
        text run at (127,0) width 110: "This is some text."
      RenderBR {BR} at (127,110) size 17x0
      RenderText {#text} at (145,0) size 17x110
        text run at (145,0) width 110: "This is some text."
      RenderBR {BR} at (145,110) size 17x0
      RenderText {#text} at (163,0) size 17x110
        text run at (163,0) width 110: "This is some text."
      RenderBR {BR} at (163,110) size 17x0
      RenderText {#text} at (181,0) size 17x110
        text run at (181,0) width 110: "This is some text."
      RenderBR {BR} at (181,110) size 17x0
      RenderText {#text} at (199,0) size 17x110
        text run at (199,0) width 110: "This is some text."
      RenderBR {BR} at (199,110) size 17x0
      RenderText {#text} at (217,0) size 17x110
        text run at (217,0) width 110: "This is some text."
      RenderBR {BR} at (217,110) size 17x0
      RenderText {#text} at (235,0) size 17x110
        text run at (235,0) width 110: "This is some text."
      RenderBR {BR} at (235,110) size 17x0
    RenderBlock {P} at (268,0) size 604x388
      RenderImage {IMG} at (132,0) size 100x100 [bgcolor=#008000]
      RenderImage {IMG} at (132,288) size 200x100 [bgcolor=#008000]
      RenderText {#text} at (133,100) size 17x106
        text run at (133,100) width 106: "This is some text"
      RenderBR {BR} at (133,206) size 17x0
      RenderText {#text} at (151,100) size 17x110
        text run at (151,100) width 110: "This is some text."
      RenderBR {BR} at (151,210) size 17x0
      RenderText {#text} at (169,100) size 17x110
        text run at (169,100) width 110: "This is some text."
      RenderBR {BR} at (169,210) size 17x0
      RenderText {#text} at (187,100) size 17x110
        text run at (187,100) width 110: "This is some text."
      RenderBR {BR} at (187,210) size 17x0
      RenderText {#text} at (205,100) size 17x110
        text run at (205,100) width 110: "This is some text."
      RenderBR {BR} at (205,210) size 17x0
      RenderText {#text} at (223,100) size 17x110
        text run at (223,100) width 110: "This is some text."
      RenderBR {BR} at (223,210) size 17x0
      RenderText {#text} at (241,0) size 17x110
        text run at (241,0) width 110: "This is some text."
      RenderBR {BR} at (241,110) size 17x0
      RenderText {#text} at (259,0) size 17x110
        text run at (259,0) width 110: "This is some text."
      RenderBR {BR} at (259,110) size 17x0
      RenderText {#text} at (277,0) size 17x110
        text run at (277,0) width 110: "This is some text."
      RenderBR {BR} at (277,110) size 17x0
      RenderText {#text} at (295,0) size 17x110
        text run at (295,0) width 110: "This is some text."
      RenderBR {BR} at (295,110) size 17x0
      RenderText {#text} at (313,0) size 17x110
        text run at (313,0) width 110: "This is some text."
      RenderBR {BR} at (313,110) size 17x0
      RenderText {#text} at (331,0) size 17x110
        text run at (331,0) width 110: "This is some text."
      RenderBR {BR} at (331,110) size 17x0
      RenderText {#text} at (349,0) size 17x110
        text run at (349,0) width 110: "This is some text."
      RenderBR {BR} at (349,110) size 17x0
      RenderText {#text} at (367,0) size 17x110
        text run at (367,0) width 110: "This is some text."
      RenderBR {BR} at (367,110) size 17x0
      RenderText {#text} at (385,0) size 17x110
        text run at (385,0) width 110: "This is some text."
      RenderBR {BR} at (385,110) size 17x0
      RenderText {#text} at (403,0) size 17x110
        text run at (403,0) width 110: "This is some text."
      RenderBR {BR} at (403,110) size 17x0
      RenderText {#text} at (421,0) size 17x110
        text run at (421,0) width 110: "This is some text."
      RenderBR {BR} at (421,110) size 17x0
      RenderText {#text} at (439,0) size 17x110
        text run at (439,0) width 110: "This is some text."
      RenderBR {BR} at (439,110) size 17x0
      RenderText {#text} at (457,0) size 17x110
        text run at (457,0) width 110: "This is some text."
      RenderBR {BR} at (457,110) size 17x0
      RenderText {#text} at (475,0) size 17x110
        text run at (475,0) width 110: "This is some text."
      RenderBR {BR} at (475,110) size 17x0
      RenderText {#text} at (493,0) size 17x110
        text run at (493,0) width 110: "This is some text."
      RenderBR {BR} at (493,110) size 17x0
      RenderText {#text} at (511,0) size 17x110
        text run at (511,0) width 110: "This is some text."
      RenderBR {BR} at (511,110) size 17x0
      RenderText {#text} at (533,0) size 17x110
        text run at (533,0) width 110: "This is some text."
      RenderBR {BR} at (533,110) size 17x0
      RenderText {#text} at (551,0) size 17x110
        text run at (551,0) width 110: "This is some text."
      RenderBR {BR} at (551,110) size 17x0
      RenderText {#text} at (569,0) size 17x110
        text run at (569,0) width 110: "This is some text."
      RenderBR {BR} at (569,110) size 17x0
      RenderText {#text} at (587,0) size 17x110
        text run at (587,0) width 110: "This is some text."
      RenderBR {BR} at (587,110) size 17x0
layer at (848,8) size 404x1200
  RenderBlock {DIV} at (840,0) size 404x1200 [border: (2px solid #000000)]
    RenderMultiColumnSet at (2,2) size 400x1196
layer at (850,10) size 418x388
  RenderMultiColumnFlowThread at (2,2) size 418x388
    RenderImage {IMG} at (0,0) size 390x300 [bgcolor=#008000]
    RenderText {#text} at (1,300) size 417x380
      text run at (1,300) width 73: "Longer text"
      text run at (19,300) width 72: "designed to"
      text run at (37,300) width 80: "test float and"
      text run at (55,300) width 60: "wrapping"
      text run at (73,300) width 59: "behavior."
      text run at (91,300) width 73: "Longer text"
      text run at (109,300) width 72: "designed to"
      text run at (127,300) width 80: "test float and"
      text run at (145,300) width 60: "wrapping"
      text run at (163,300) width 59: "behavior."
      text run at (181,300) width 73: "Longer text"
      text run at (199,300) width 72: "designed to"
      text run at (217,300) width 80: "test float and"
      text run at (235,300) width 60: "wrapping"
      text run at (253,300) width 59: "behavior."
      text run at (271,300) width 73: "Longer text"
      text run at (289,300) width 72: "designed to"
      text run at (307,300) width 80: "test float and"
      text run at (325,300) width 60: "wrapping"
      text run at (343,300) width 59: "behavior."
      text run at (361,300) width 73: "Longer text"
      text run at (379,300) width 72: "designed to"
      text run at (401,0) width 207: "test float and wrapping behavior."
layer at (1268,8) size 404x1200
  RenderBlock {DIV} at (1260,0) size 404x1200 [border: (2px solid #000000)]
    RenderMultiColumnSet at (2,2) size 400x1196
layer at (1270,10) size 643x388 backgroundClip at (0,0) size 1680x1208 clip at (0,0) size 1680x1208
  RenderMultiColumnFlowThread at (2,2) size 643x388
    RenderImage {IMG} at (0,0) size 380x388 [bgcolor=#0000FF]
    RenderInline {SPAN} at (0,0) size 640x388
      RenderImage {IMG} at (400,0) size 20x100 [bgcolor=#008000]
      RenderText {#text} at (401,100) size 26x211
        text run at (401,100) width 211: "Longer text designed "
      RenderImage {IMG} at (427,288) size 20x100 [bgcolor=#008000]
      RenderText {#text} at (401,310) size 242x383
        text run at (401,310) width 59: "to test"
        text run at (428,0) width 279: "float and wrapping behavior."
        text run at (455,0) width 362: "Longer text designed to test float and"
        text run at (482,0) width 306: "wrapping behavior. Longer text"
        text run at (509,0) width 340: "designed to test float and wrapping"
        text run at (536,0) width 366: "behavior. Longer text designed to test"
        text run at (563,0) width 355: "float and wrapping behavior. Longer"
        text run at (590,0) width 383: "text designed to test float and wrapping"
        text run at (617,0) width 90: "behavior."
    RenderText {#text} at (0,0) size 0x0
