layer at (0,0) size 785x778
  RenderView at (0,0) size 785x600
layer at (0,0) size 785x600
  RenderBlock {HTML} at (0,0) size 785x600
    RenderBody {BODY} at (8,8) size 769x584
layer at (8,8) size 320x770
  RenderBlock {DIV} at (0,0) size 320x770 [border: (5px solid #000000)]
    RenderMultiColumnSet at (10,10) size 300x750
layer at (18,18) size 502x367
  RenderMultiColumnFlowThread at (10,10) size 502x367
    RenderBlock {DIV} at (0,0) size 250x367
    RenderBlock (anonymous) at (300,0) size 202x367
      RenderBlock {DIV} at (0,0) size 202x301 [border: (2px solid #008000)]
        RenderText {#text} at (3,2) size 17x297
          text run at (3,2) width 297: "All of this text should be in the second column."
        RenderBR {BR} at (3,299) size 17x0
        RenderText {#text} at (21,2) size 17x297
          text run at (21,2) width 297: "All of this text should be in the second column."
        RenderBR {BR} at (21,299) size 17x0
        RenderText {#text} at (39,2) size 17x297
          text run at (39,2) width 297: "All of this text should be in the second column."
        RenderBR {BR} at (39,299) size 17x0
        RenderText {#text} at (57,2) size 17x297
          text run at (57,2) width 297: "All of this text should be in the second column."
        RenderBR {BR} at (57,299) size 17x0
        RenderText {#text} at (75,2) size 17x297
          text run at (75,2) width 297: "All of this text should be in the second column."
        RenderBR {BR} at (75,299) size 17x0
        RenderText {#text} at (93,2) size 17x297
          text run at (93,2) width 297: "All of this text should be in the second column."
        RenderBR {BR} at (93,299) size 17x0
        RenderText {#text} at (111,2) size 17x297
          text run at (111,2) width 297: "All of this text should be in the second column."
        RenderBR {BR} at (111,299) size 17x0
        RenderText {#text} at (129,2) size 17x297
          text run at (129,2) width 297: "All of this text should be in the second column."
        RenderBR {BR} at (129,299) size 17x0
        RenderText {#text} at (147,2) size 17x297
          text run at (147,2) width 297: "All of this text should be in the second column."
        RenderBR {BR} at (147,299) size 17x0
        RenderText {#text} at (165,2) size 17x297
          text run at (165,2) width 297: "All of this text should be in the second column."
        RenderBR {BR} at (165,299) size 17x0
        RenderText {#text} at (183,2) size 17x297
          text run at (183,2) width 297: "All of this text should be in the second column."
        RenderBR {BR} at (183,299) size 17x0
      RenderText {#text} at (0,0) size 0x0
