layer at (0,0) size 800x890
  RenderView at (0,0) size 800x600
layer at (0,0) size 800x890
  RenderBlock {HTML} at (0,0) size 800x890
    RenderBody {BODY} at (8,8) size 784x861
layer at (8,8) size 512x860
  RenderBlock (relative positioned) {DIV} at (0,0) size 512x861
    RenderBlock {H2} at (0,0) size 512x29
      RenderText {#text} at (0,-5) size 89x38
        text run at (0,-5) width 89: "Bug 1"
    RenderBlock {P} at (0,55) size 512x241
      RenderText {#text} at (0,2) size 504x145
        text run at (0,2) width 456: "Safari public beta does not support CSS absolute"
        text run at (0,32) width 504: "positioning correctly (if at all). Immediately following"
        text run at (0,62) width 459: "the text position marked by the dagger, there is a"
        text run at (0,92) width 491: "<span> element that is positioned to the right of the"
        text run at (0,122) width 394: "<div> block that contains this paragraph\x{2020}"
      RenderText {#text} at (393,122) size 501x115
        text run at (393,122) width 99: ". In IE 5.x,"
        text run at (0,152) width 470: "Mozilla 1.2, and Chimera 0.6+, the contents of the"
        text run at (0,182) width 501: "<span> element appears in the margin directly to the"
        text run at (0,212) width 180: "right of the dagger."
    RenderBlock {P} at (0,316) size 512x91
      RenderText {#text} at (0,2) size 507x85
        text run at (0,2) width 507: "I should note that Chimera 0.6 rendered this test with"
        text run at (0,32) width 487: "the marginal note shifted down by one line; this has"
        text run at (0,62) width 303: "been fixed in subsequent builds."
    RenderBlock {H2} at (0,433) size 512x30
      RenderText {#text} at (0,-5) size 93x38
        text run at (0,-5) width 93: "Bug 2"
    RenderBlock {P} at (0,488) size 512x59
      RenderText {#text} at (0,6) size 504x45
        text run at (0,6) width 504: "Fonts also render substantially smaller than other browsers, which is not a good thing"
        text run at (0,35) width 484: "when you consider that most sites specify fonts that are too small in the first place."
    RenderBlock {P} at (0,568) size 512x91
      RenderText {#text} at (0,2) size 511x85
        text run at (0,2) width 511: "At the very least, the preferences panel needs a default"
        text run at (0,32) width 488: "text-zoom setting to enable compatibility with other"
        text run at (0,62) width 92: "browsers."
    RenderBlock {H2} at (0,684) size 512x30
      RenderText {#text} at (0,-5) size 93x38
        text run at (0,-5) width 93: "Bug 3"
    RenderBlock {P} at (0,740) size 512x121
      RenderText {#text} at (0,2) size 72x25
        text run at (0,2) width 72: "Worse, "
      RenderInline {I} at (0,0) size 490x55
        RenderText {#text} at (71,2) size 490x55
          text run at (71,2) width 419: "the \"make text bigger\" button does not scale"
          text run at (0,32) width 328: "line-height when it scales font-size"
      RenderText {#text} at (327,32) size 497x85
        text run at (327,32) width 170: " (hit it a few times"
        text run at (0,62) width 490: "on this page). This is a crippling flaw for people who"
        text run at (0,92) width 429: "need to enlarge the fonts to read comfortably."
layer at (547,184) size 200x32
  RenderBlock (positioned) {SPAN} at (538,175) size 201x33
    RenderText {#text} at (0,0) size 195x31
      text run at (0,0) width 187: "\x{2190} this should be to the right of the"
      text run at (0,16) width 195: "paragraph, lining up with the dagger"
