layer at (0,0) size 800x600
  RenderView at (0,0) size 800x600
layer at (0,0) size 800x501
  RenderBlock {HTML} at (0,0) size 800x501
    RenderBody {BODY} at (8,16) size 784x469
      RenderBlock {P} at (0,0) size 784x54 [color=#000080]
        RenderText {#text} at (0,0) size 783x54
          text run at (0,0) width 416: "The big coloured boxes should be level with the top of the small "
          text run at (415,0) width 337: "coloured boxes of the same color (unless there is not"
          text run at (0,18) width 89: "enough room "
          text run at (88,18) width 400: "for the big box to fit on the small box's line, in which case the "
          text run at (487,18) width 296: "big box should be level with the bottom of the"
          text run at (0,36) width 108: "respective small "
          text run at (107,36) width 34: "box)."
      RenderBlock {DIV} at (16,70) size 752x399 [color=#C0C0C0] [border: (5px solid #800080)]
        RenderText {#text} at (133,22) size 486x18
          text run at (133,22) width 486: "dummy text dummy text dummy text dummy text dummy text dummy text "
        RenderInline {SPAN} at (0,0) size 23x24 [color=#FFFFFF] [bgcolor=#008080] [border: (3px solid #00FFFF)]
          RenderText {#text} at (621,22) size 17x18
            text run at (621,22) width 17: "\x{21E6}"
        RenderText {#text} at (640,22) size 5x18
          text run at (640,22) width 5: " "
        RenderImage {IMG} at (21,21) size 112x112 [color=#FF0000]
        RenderText {#text} at (644,22) size 589x39
          text run at (644,22) width 78: "dummy text"
          text run at (133,43) width 405: "dummy text dummy text dummy text dummy text dummy text "
        RenderInline {SPAN} at (0,0) size 23x24 [color=#FFFFFF] [bgcolor=#800080] [border: (3px solid #FF00FF)]
          RenderText {#text} at (540,43) size 17x18
            text run at (540,43) width 17: "\x{21E8}"
        RenderText {#text} at (559,43) size 5x18
          text run at (559,43) width 5: " "
        RenderImage {IMG} at (619,42) size 112x112 [color=#FF0000]
        RenderText {#text} at (563,43) size 696x333
          text run at (563,43) width 50: "dummy"
          text run at (133,64) width 433: "text dummy text dummy text dummy text dummy text dummy text "
          text run at (565,64) width 50: "dummy"
          text run at (133,85) width 433: "text dummy text dummy text dummy text dummy text dummy text "
          text run at (565,85) width 50: "dummy"
          text run at (133,106) width 433: "text dummy text dummy text dummy text dummy text dummy text "
          text run at (565,106) width 50: "dummy"
          text run at (133,127) width 433: "text dummy text dummy text dummy text dummy text dummy text "
          text run at (565,127) width 50: "dummy"
          text run at (21,148) width 433: "text dummy text dummy text dummy text dummy text dummy text "
          text run at (453,148) width 159: "dummy text dummy text"
          text run at (21,169) width 324: "dummy text dummy text dummy text dummy text "
          text run at (344,169) width 373: "dummy text dummy text dummy text dummy text dummy"
          text run at (21,190) width 109: "text dummy text "
          text run at (129,190) width 487: "dummy text dummy text dummy text dummy text dummy text dummy text "
          text run at (615,190) width 78: "dummy text"
          text run at (21,211) width 405: "dummy text dummy text dummy text dummy text dummy text "
          text run at (425,211) width 292: "dummy text dummy text dummy text dummy"
          text run at (21,232) width 190: "text dummy text dummy text "
          text run at (210,232) width 483: "dummy text dummy text dummy text dummy text dummy text dummy text"
          text run at (21,253) width 486: "dummy text dummy text dummy text dummy text dummy text dummy text "
          text run at (506,253) width 211: "dummy text dummy text dummy"
          text run at (21,274) width 271: "text dummy text dummy text dummy text "
          text run at (291,274) width 402: "dummy text dummy text dummy text dummy text dummy text"
          text run at (21,295) width 81: "dummy text "
          text run at (101,295) width 487: "dummy text dummy text dummy text dummy text dummy text dummy text "
          text run at (587,295) width 130: "dummy text dummy"
          text run at (21,316) width 352: "text dummy text dummy text dummy text dummy text "
          text run at (372,316) width 321: "dummy text dummy text dummy text dummy text"
          text run at (21,337) width 162: "dummy text dummy text "
          text run at (182,337) width 487: "dummy text dummy text dummy text dummy text dummy text dummy text "
          text run at (668,337) width 49: "dummy"
          text run at (21,358) width 429: "text dummy text dummy text dummy text dummy text dummy text"
