layer at (0,0) size 800x600
  RenderView at (0,0) size 800x600
layer at (0,0) size 800x564
  RenderBlock {HTML} at (0,0) size 800x564
    RenderBody {BODY} at (8,16) size 784x532
      RenderBlock {P} at (0,0) size 784x54 [color=#000080]
        RenderText {#text} at (0,0) size 775x54
          text run at (0,0) width 416: "The big coloured boxes should be level with the top of the small "
          text run at (415,0) width 337: "coloured boxes of the same color (unless there is not"
          text run at (0,18) width 89: "enough room "
          text run at (88,18) width 409: "for the big box to fit on the small box's line after the small box, "
          text run at (496,18) width 279: "in which case the big box should be as high"
          text run at (0,36) width 141: "as possible below the "
          text run at (140,36) width 73: "small box)."
      RenderBlock {DIV} at (16,70) size 752x462 [color=#C0C0C0] [border: (5px solid #800080)]
        RenderText {#text} at (21,22) size 567x18
          text run at (21,22) width 486: "dummy text dummy text dummy text dummy text dummy text dummy text "
          text run at (506,22) width 82: "dummy text "
        RenderInline {SPAN} at (0,0) size 18x24 [color=#FFFFFF] [bgcolor=#008080] [border: (3px solid #00FFFF)]
          RenderText {#text} at (590,22) size 12x18
            text run at (590,22) width 12: "A"
        RenderText {#text} at (604,22) size 5x18
          text run at (604,22) width 5: " "
        RenderBlock (floating) {P} at (21,42) size 150x59 [color=#FFFFFF] [bgcolor=#008080] [border: (3px solid #00FFFF)]
          RenderText {#text} at (19,20) size 47x18
            text run at (19,20) width 47: "AAAA"
        RenderText {#text} at (608,22) size 515x39
          text run at (608,22) width 78: "dummy text"
          text run at (171,43) width 405: "dummy text dummy text dummy text dummy text dummy text "
        RenderInline {SPAN} at (0,0) size 18x24 [color=#FFFFFF] [bgcolor=#800080] [border: (3px solid #FF00FF)]
          RenderText {#text} at (578,43) size 12x18
            text run at (578,43) width 12: "B"
        RenderText {#text} at (592,43) size 5x18
          text run at (592,43) width 5: " "
        RenderBlock (floating) {P} at (581,63) size 150x59 [color=#FFFFFF] [bgcolor=#800080] [border: (3px solid #FF00FF)]
          RenderText {#text} at (19,20) size 43x18
            text run at (19,20) width 43: "BBBB"
        RenderText {#text} at (596,43) size 405x39
          text run at (596,43) width 130: "dummy text dummy"
          text run at (321,64) width 109: "text dummy text "
        RenderInline {SPAN} at (0,0) size 18x24 [color=#FFFFFF] [bgcolor=#FFA500] [border: (3px solid #FFFF00)]
          RenderText {#text} at (432,64) size 12x18
            text run at (432,64) width 12: "C"
        RenderText {#text} at (446,64) size 5x18
          text run at (446,64) width 5: " "
        RenderBlock (floating) {P} at (171,63) size 150x59 [color=#FFFFFF] [bgcolor=#FFA500] [border: (3px solid #FFFF00)]
          RenderText {#text} at (19,20) size 43x18
            text run at (19,20) width 43: "CCCC"
        RenderText {#text} at (450,64) size 260x60
          text run at (450,64) width 131: "dummy text dummy"
          text run at (321,85) width 239: "text dummy text dummy text dummy"
          text run at (321,106) width 109: "text dummy text "
        RenderInline {SPAN} at (0,0) size 19x24 [color=#FFFFFF] [bgcolor=#008000] [border: (3px solid #00FF00)]
          RenderText {#text} at (432,106) size 13x18
            text run at (432,106) width 13: "D"
        RenderText {#text} at (447,106) size 5x18
          text run at (447,106) width 5: " "
        RenderBlock (floating) {P} at (21,126) size 150x59 [color=#FFFFFF] [bgcolor=#008000] [border: (3px solid #00FF00)]
          RenderText {#text} at (19,20) size 47x18
            text run at (19,20) width 47: "DDDD"
        RenderText {#text} at (451,106) size 696x333
          text run at (451,106) width 78: "dummy text"
          text run at (171,127) width 405: "dummy text dummy text dummy text dummy text dummy text "
          text run at (575,127) width 131: "dummy text dummy"
          text run at (171,148) width 352: "text dummy text dummy text dummy text dummy text "
          text run at (522,148) width 159: "dummy text dummy text"
          text run at (171,169) width 324: "dummy text dummy text dummy text dummy text "
          text run at (494,169) width 212: "dummy text dummy text dummy"
          text run at (21,190) width 271: "text dummy text dummy text dummy text "
          text run at (291,190) width 402: "dummy text dummy text dummy text dummy text dummy text"
          text run at (21,211) width 81: "dummy text "
          text run at (101,211) width 487: "dummy text dummy text dummy text dummy text dummy text dummy text "
          text run at (587,211) width 130: "dummy text dummy"
          text run at (21,232) width 352: "text dummy text dummy text dummy text dummy text "
          text run at (372,232) width 321: "dummy text dummy text dummy text dummy text"
          text run at (21,253) width 162: "dummy text dummy text "
          text run at (182,253) width 487: "dummy text dummy text dummy text dummy text dummy text dummy text "
          text run at (668,253) width 49: "dummy"
          text run at (21,274) width 433: "text dummy text dummy text dummy text dummy text dummy text "
          text run at (453,274) width 240: "dummy text dummy text dummy text"
          text run at (21,295) width 243: "dummy text dummy text dummy text "
          text run at (263,295) width 454: "dummy text dummy text dummy text dummy text dummy text dummy"
          text run at (21,316) width 28: "text "
          text run at (48,316) width 487: "dummy text dummy text dummy text dummy text dummy text dummy text "
          text run at (534,316) width 159: "dummy text dummy text"
          text run at (21,337) width 324: "dummy text dummy text dummy text dummy text "
          text run at (344,337) width 373: "dummy text dummy text dummy text dummy text dummy"
          text run at (21,358) width 109: "text dummy text "
          text run at (129,358) width 487: "dummy text dummy text dummy text dummy text dummy text dummy text "
          text run at (615,358) width 78: "dummy text"
          text run at (21,379) width 405: "dummy text dummy text dummy text dummy text dummy text "
          text run at (425,379) width 292: "dummy text dummy text dummy text dummy"
          text run at (21,400) width 190: "text dummy text dummy text "
          text run at (210,400) width 483: "dummy text dummy text dummy text dummy text dummy text dummy text"
          text run at (21,421) width 482: "dummy text dummy text dummy text dummy text dummy text dummy text"
