layer at (0,0) size 800x600
  RenderView at (0,0) size 800x600
layer at (0,0) size 800x480
  RenderBlock {HTML} at (0,0) size 800x480
    RenderBody {BODY} at (8,16) size 784x448
      RenderBlock {P} at (0,0) size 784x54 [color=#000080]
        RenderText {#text} at (0,0) size 775x54
          text run at (0,0) width 416: "The big coloured boxes should be level with the top of the small "
          text run at (415,0) width 337: "coloured boxes of the same color (unless there is not"
          text run at (0,18) width 89: "enough room "
          text run at (88,18) width 409: "for the big box to fit on the small box's line after the small box, "
          text run at (496,18) width 279: "in which case the big box should be as high"
          text run at (0,36) width 141: "as possible below the "
          text run at (140,36) width 73: "small box)."
      RenderBlock {DIV} at (16,70) size 752x378 [color=#C0C0C0] [border: (5px solid #800080)]
        RenderText {#text} at (171,22) size 324x18
          text run at (171,22) width 324: "dummy text dummy text dummy text dummy text "
        RenderInline {SPAN} at (0,0) size 19x24 [color=#FFFFFF] [bgcolor=#008080] [border: (3px solid #00FFFF)]
          RenderText {#text} at (497,22) size 13x18
            text run at (497,22) width 13: "A"
        RenderText {#text} at (512,22) size 5x18
          text run at (512,22) width 5: " "
        RenderBlock (floating) {P} at (21,21) size 150x59 [color=#FFFFFF] [bgcolor=#008080] [border: (3px solid #00FFFF)]
          RenderText {#text} at (19,20) size 47x18
            text run at (19,20) width 47: "AAAA"
        RenderText {#text} at (0,0) size 0x0
        RenderInline {SPAN} at (0,0) size 17x24 [color=#FFFFFF] [bgcolor=#800080] [border: (3px solid #FF00FF)]
          RenderText {#text} at (519,22) size 11x18
            text run at (519,22) width 11: "B"
        RenderText {#text} at (0,0) size 0x0
        RenderBlock (floating) {P} at (581,21) size 150x59 [color=#FFFFFF] [bgcolor=#800080] [border: (3px solid #FF00FF)]
          RenderText {#text} at (19,20) size 43x18
            text run at (19,20) width 43: "BBBB"
        RenderText {#text} at (171,43) size 696x312
          text run at (171,43) width 401: "dummy text dummy text dummy text dummy text dummy text"
          text run at (171,64) width 81: "dummy text "
          text run at (251,64) width 321: "dummy text dummy text dummy text dummy text"
          text run at (21,85) width 162: "dummy text dummy text "
          text run at (182,85) width 487: "dummy text dummy text dummy text dummy text dummy text dummy text "
          text run at (668,85) width 49: "dummy"
          text run at (21,106) width 433: "text dummy text dummy text dummy text dummy text dummy text "
          text run at (453,106) width 240: "dummy text dummy text dummy text"
          text run at (21,127) width 243: "dummy text dummy text dummy text "
          text run at (263,127) width 454: "dummy text dummy text dummy text dummy text dummy text dummy"
          text run at (21,148) width 28: "text "
          text run at (48,148) width 487: "dummy text dummy text dummy text dummy text dummy text dummy text "
          text run at (534,148) width 159: "dummy text dummy text"
          text run at (21,169) width 324: "dummy text dummy text dummy text dummy text "
          text run at (344,169) width 373: "dummy text dummy text dummy text dummy text dummy"
          text run at (21,190) width 109: "text dummy text "
          text run at (129,190) width 487: "dummy text dummy text dummy text dummy text dummy text dummy text "
          text run at (615,190) width 78: "dummy text"
          text run at (21,211) width 405: "dummy text dummy text dummy text dummy text dummy text "
          text run at (425,211) width 292: "dummy text dummy text dummy text dummy"
          text run at (21,232) width 190: "text dummy text dummy text "
          text run at (210,232) width 483: "dummy text dummy text dummy text dummy text dummy text dummy text"
          text run at (21,253) width 486: "dummy text dummy text dummy text dummy text dummy text dummy text "
          text run at (506,253) width 211: "dummy text dummy text dummy"
          text run at (21,274) width 271: "text dummy text dummy text dummy text "
          text run at (291,274) width 402: "dummy text dummy text dummy text dummy text dummy text"
          text run at (21,295) width 81: "dummy text "
          text run at (101,295) width 487: "dummy text dummy text dummy text dummy text dummy text dummy text "
          text run at (587,295) width 130: "dummy text dummy"
          text run at (21,316) width 352: "text dummy text dummy text dummy text dummy text "
          text run at (372,316) width 321: "dummy text dummy text dummy text dummy text"
          text run at (21,337) width 162: "dummy text dummy text "
          text run at (182,337) width 483: "dummy text dummy text dummy text dummy text dummy text dummy text"
