layer at (0,0) size 800x838
  RenderView at (0,0) size 800x600
layer at (0,0) size 800x838
  RenderBlock {HTML} at (0,0) size 800x838
    RenderBody {BODY} at (8,8) size 784x822
      RenderBlock (anonymous) at (0,0) size 784x20
        RenderText {#text} at (0,0) size 83x19
          text run at (0,0) width 83: "Text outside."
layer at (8,28) size 702x802 clip at (9,29) size 700x800 scrollHeight 1306
  RenderBlock {DIV} at (0,20) size 702x802 [border: (1px solid #000000)]
    RenderBlock {P} at (1,17) size 700x170
      RenderText {#text} at (0,7) size 691x155
        text run at (0,7) width 659: "Lorem ipsum dolor sit amet, consectetur adipisicing elit, sed do eiusmod tempor incididunt ut labore et"
        text run at (0,41) width 687: "dolore magna aliqua. Ut enim ad minim veniam, quis nostrud exercitation ullamco laboris nisi ut aliquip ex"
        text run at (0,75) width 691: "ea commodo consequat. Duis aute irure dolor in reprehenderit in voluptate velit esse cillum dolore eu fugiat"
        text run at (0,109) width 688: "nulla pariatur. Excepteur sint occaecat cupidatat non proident, sunt in culpa qui officia deserunt mollit anim"
        text run at (0,143) width 96: "id est laborum."
    RenderBlock {P} at (1,235) size 700x170
      RenderText {#text} at (0,7) size 691x155
        text run at (0,7) width 659: "Lorem ipsum dolor sit amet, consectetur adipisicing elit, sed do eiusmod tempor incididunt ut labore et"
        text run at (0,41) width 687: "dolore magna aliqua. Ut enim ad minim veniam, quis nostrud exercitation ullamco laboris nisi ut aliquip ex"
        text run at (0,75) width 691: "ea commodo consequat. Duis aute irure dolor in reprehenderit in voluptate velit esse cillum dolore eu fugiat"
        text run at (0,109) width 688: "nulla pariatur. Excepteur sint occaecat cupidatat non proident, sunt in culpa qui officia deserunt mollit anim"
        text run at (0,143) width 96: "id est laborum."
    RenderBlock {P} at (1,871) size 700x170
      RenderText {#text} at (0,7) size 691x155
        text run at (0,7) width 659: "Lorem ipsum dolor sit amet, consectetur adipisicing elit, sed do eiusmod tempor incididunt ut labore et"
        text run at (0,41) width 687: "dolore magna aliqua. Ut enim ad minim veniam, quis nostrud exercitation ullamco laboris nisi ut aliquip ex"
        text run at (0,75) width 691: "ea commodo consequat. Duis aute irure dolor in reprehenderit in voluptate velit esse cillum dolore eu fugiat"
        text run at (0,109) width 688: "nulla pariatur. Excepteur sint occaecat cupidatat non proident, sunt in culpa qui officia deserunt mollit anim"
        text run at (0,143) width 96: "id est laborum."
    RenderBlock {P} at (1,1089) size 700x170
      RenderText {#text} at (0,7) size 691x155
        text run at (0,7) width 659: "Lorem ipsum dolor sit amet, consectetur adipisicing elit, sed do eiusmod tempor incididunt ut labore et"
        text run at (0,41) width 687: "dolore magna aliqua. Ut enim ad minim veniam, quis nostrud exercitation ullamco laboris nisi ut aliquip ex"
        text run at (0,75) width 691: "ea commodo consequat. Duis aute irure dolor in reprehenderit in voluptate velit esse cillum dolore eu fugiat"
        text run at (0,109) width 688: "nulla pariatur. Excepteur sint occaecat cupidatat non proident, sunt in culpa qui officia deserunt mollit anim"
        text run at (0,143) width 96: "id est laborum."
layer at (19,481) size 602x402 backgroundClip at (19,481) size 602x348 clip at (20,482) size 600x347 scrollHeight 452
  RenderBlock {DIV} at (11,453) size 602x402 [border: (1px solid #000000)]
    RenderBlock {P} at (1,17) size 600x170
      RenderText {#text} at (0,7) size 600x155
        text run at (0,7) width 600: "Lorem ipsum dolor sit amet, consectetur adipisicing elit, sed do eiusmod tempor incididunt ut"
        text run at (0,41) width 588: "labore et dolore magna aliqua. Ut enim ad minim veniam, quis nostrud exercitation ullamco"
        text run at (0,75) width 572: "laboris nisi ut aliquip ex ea commodo consequat. Duis aute irure dolor in reprehenderit in"
        text run at (0,109) width 584: "voluptate velit esse cillum dolore eu fugiat nulla pariatur. Excepteur sint occaecat cupidatat"
        text run at (0,143) width 477: "non proident, sunt in culpa qui officia deserunt mollit anim id est laborum."
    RenderBlock {P} at (1,235) size 600x170
      RenderText {#text} at (0,7) size 600x155
        text run at (0,7) width 600: "Lorem ipsum dolor sit amet, consectetur adipisicing elit, sed do eiusmod tempor incididunt ut"
        text run at (0,41) width 588: "labore et dolore magna aliqua. Ut enim ad minim veniam, quis nostrud exercitation ullamco"
        text run at (0,75) width 572: "laboris nisi ut aliquip ex ea commodo consequat. Duis aute irure dolor in reprehenderit in"
        text run at (0,109) width 584: "voluptate velit esse cillum dolore eu fugiat nulla pariatur. Excepteur sint occaecat cupidatat"
        text run at (0,143) width 477: "non proident, sunt in culpa qui officia deserunt mollit anim id est laborum."
